[17:51:23] [INFO] Starting Step 44: Survey Erasure-Chain Audit
[17:51:23] [INFO] Loaded 12 pair records
[17:51:31] [INFO] NGC4319-Mrk205: photo=no_object_within_radius spec30"=0 spec2'=0
[17:51:34] [INFO] NGC7603-NGC7603B: photo=deblended_object spec30"=1 spec2'=5
[17:51:41] [INFO] NGC3067-3C232: photo=deblended_object spec30"=1 spec2'=3
[17:51:41] [INFO] NGC1073-QSOs: photo=n/a spec30"=n/a spec2'=2
[17:51:49] [INFO] NGC7319-QSO: photo=absorbed_into_host_deblend spec30"=0 spec2'=0
[17:52:07] [INFO] NGC1199-companion: photo=deblended_object spec30"=0 spec2'=0
[17:52:07] [WARNING] NGC3628-XQSO: coordinate resolves to [HB89] 1117+137 z=1.498283 vs catalogue z=2.15
[17:52:07] [INFO] NGC3628-XQSO: photo=deblended_object spec30"=1 spec2'=0
[17:52:17] [INFO] NGC4258-QSOs: photo=n/a spec30"=n/a spec2'=3
[17:52:17] [INFO] NGC2639-QSOs: photo=n/a spec30"=n/a spec2'=3
[17:52:18] [INFO] NGC1097-jetQSOs: photo=n/a spec30"=n/a spec2'=0
[17:52:34] [INFO] NGC1232-NGC1232A: photo=no_object_within_radius spec30"=0 spec2'=0
[17:52:41] [INFO] NGC3516-Qchain: photo=n/a spec30"=n/a spec2'=0
[17:52:50] [INFO]   stamped spectrum 8763/57309/940 z=1.389914: 1 lines >=3 sigma
[17:52:59] [INFO] JWST nearest IFU edge: 3.94 arcsec (jw02732-c1001_t004_miri_ch4-short)
[17:52:59] [INFO] Wrote step_44_survey_erasure_audit.json and survey_erasure_audit.csv
[17:52:59] [INFO] Step 44 complete
[17:53:18] [INFO] Starting Step 44: Survey Erasure-Chain Audit
[17:53:18] [INFO] Loaded 12 pair records
[17:53:18] [INFO] NGC4319-Mrk205: photo=no_object_within_radius spec30"=0 spec2'=0
[17:53:19] [INFO] NGC7603-NGC7603B: photo=deblended_object spec30"=1 spec2'=11
[17:53:19] [INFO] NGC3067-3C232: photo=deblended_object spec30"=1 spec2'=4
[17:53:20] [INFO] NGC1073-QSOs: photo=n/a spec30"=n/a spec2'=5
[17:53:20] [INFO] NGC7319-QSO: photo=absorbed_into_host_deblend spec30"=0 spec2'=0
[17:53:21] [INFO] NGC1199-companion: photo=deblended_object spec30"=0 spec2'=0
[17:53:21] [WARNING] NGC3628-XQSO: coordinate resolves to [HB89] 1117+137 z=1.498283 vs catalogue z=2.15
[17:53:22] [INFO] NGC3628-XQSO: photo=deblended_object spec30"=1 spec2'=2
[17:53:22] [INFO] NGC4258-QSOs: photo=n/a spec30"=n/a spec2'=8
[17:53:23] [INFO] NGC2639-QSOs: photo=n/a spec30"=n/a spec2'=6
[17:53:23] [INFO] NGC1097-jetQSOs: photo=n/a spec30"=n/a spec2'=0
[17:53:24] [INFO] NGC1232-NGC1232A: photo=no_object_within_radius spec30"=0 spec2'=0
[17:53:24] [INFO] NGC3516-Qchain: photo=n/a spec30"=n/a spec2'=0
[17:53:30] [INFO]   stamped spectrum 8763/57309/939 z=2.413939: 1 lines >=3 sigma
[17:53:36] [INFO]   stamped spectrum 8763/57309/940 z=1.389914: 1 lines >=3 sigma
[17:53:45] [INFO]   stamped spectrum 7311/57038/939 z=2.764368: 1 lines >=3 sigma
[17:53:54] [INFO] JWST nearest IFU edge: 3.94 arcsec (jw02732-c1001_t004_miri_ch4-short)
[17:53:54] [INFO] Wrote step_44_survey_erasure_audit.json and survey_erasure_audit.csv
[17:53:54] [INFO] Step 44 complete
[18:26:48] [INFO] Starting Step 44: Survey Erasure-Chain Audit
[18:26:48] [INFO] Loaded 12 pair records
[18:26:48] [INFO] NGC4319-Mrk205: photo=no_object_within_radius spec30"=0 spec2'=0
[18:26:48] [INFO] NGC7603-NGC7603B: photo=deblended_object spec30"=1 spec2'=11
[18:26:48] [INFO] NGC3067-3C232: photo=deblended_object spec30"=1 spec2'=4
[18:26:49] [INFO] NGC1073-QSOs: photo=n/a spec30"=n/a spec2'=5
[18:26:49] [INFO] NGC7319-QSO: photo=absorbed_into_host_deblend spec30"=0 spec2'=0
[18:26:49] [INFO] NGC1199-companion: photo=deblended_object spec30"=0 spec2'=0
[18:26:50] [WARNING] NGC3628-XQSO: coordinate resolves to [HB89] 1117+137 z=1.498283 vs catalogue z=2.15
[18:26:50] [INFO] NGC3628-XQSO: photo=deblended_object spec30"=1 spec2'=2
[18:26:50] [INFO] NGC4258-QSOs: photo=n/a spec30"=n/a spec2'=8
[18:26:50] [INFO] NGC2639-QSOs: photo=n/a spec30"=n/a spec2'=6
[18:26:51] [INFO] NGC1097-jetQSOs: photo=n/a spec30"=n/a spec2'=0
[18:26:51] [INFO] NGC1232-NGC1232A: photo=no_object_within_radius spec30"=0 spec2'=0
[18:26:51] [INFO] NGC3516-Qchain: photo=n/a spec30"=n/a spec2'=0
[18:26:58] [INFO]   stamped spectrum 8763/57309/939 z=2.413939: 1 lines >=3 sigma
[18:27:07] [INFO]   stamped spectrum 8763/57309/940 z=1.389914: 1 lines >=3 sigma
[18:27:15] [INFO]   stamped spectrum 7311/57038/939 z=2.764368: 1 lines >=3 sigma
[18:27:24] [INFO] JWST nearest IFU edge: 3.94 arcsec (jw02732-c1001_t004_miri_ch4-short)
[18:27:33] [INFO] NGC7319-QSO: 0 HST science spectra
[18:27:38] [INFO] NGC1199-companion: 0 HST science spectra
[18:27:50] [INFO] NGC3628-XQSO: 0 HST science spectra
[18:27:50] [INFO] Mrk205: 5 intervening candidates after masking (10 ISM, 7 excluded)
[18:27:51] [INFO] Wrote step_44_survey_erasure_audit.json and survey_erasure_audit.csv
[18:27:51] [INFO] Step 44 complete
[18:28:11] [INFO] Starting Step 44: Survey Erasure-Chain Audit
[18:28:11] [INFO] Loaded 12 pair records
[18:28:11] [INFO] NGC4319-Mrk205: photo=no_object_within_radius spec30"=0 spec2'=0
[18:28:11] [INFO] NGC7603-NGC7603B: photo=deblended_object spec30"=1 spec2'=11
[18:28:12] [INFO] NGC3067-3C232: photo=deblended_object spec30"=1 spec2'=4
[18:28:12] [INFO] NGC1073-QSOs: photo=n/a spec30"=n/a spec2'=5
[18:28:12] [INFO] NGC7319-QSO: photo=absorbed_into_host_deblend spec30"=0 spec2'=0
[18:28:13] [INFO] NGC1199-companion: photo=deblended_object spec30"=0 spec2'=0
[18:28:13] [WARNING] NGC3628-XQSO: coordinate resolves to [HB89] 1117+137 z=1.498283 vs catalogue z=2.15
[18:28:13] [INFO] NGC3628-XQSO: photo=deblended_object spec30"=1 spec2'=2
[18:28:13] [INFO] NGC4258-QSOs: photo=n/a spec30"=n/a spec2'=8
[18:28:14] [INFO] NGC2639-QSOs: photo=n/a spec30"=n/a spec2'=6
[18:28:14] [INFO] NGC1097-jetQSOs: photo=n/a spec30"=n/a spec2'=0
[18:28:14] [INFO] NGC1232-NGC1232A: photo=no_object_within_radius spec30"=0 spec2'=0
[18:28:15] [INFO] NGC3516-Qchain: photo=n/a spec30"=n/a spec2'=0
[18:28:19] [INFO]   stamped spectrum 8763/57309/939 z=2.413939: 1 lines >=3 sigma
[18:28:22] [INFO]   stamped spectrum 8763/57309/940 z=1.389914: 1 lines >=3 sigma
[18:28:26] [INFO]   stamped spectrum 7311/57038/939 z=2.764368: 1 lines >=3 sigma
[18:28:32] [INFO] JWST nearest IFU edge: 3.94 arcsec (jw02732-c1001_t004_miri_ch4-short)
[18:28:38] [INFO] NGC4319-Mrk205: 20 HST science spectra
[18:28:41] [INFO] NGC7603-NGC7603B: 0 HST science spectra
[18:28:43] [INFO] NGC3067-3C232: 37 HST science spectra
[18:28:51] [INFO] NGC7319-QSO: 0 HST science spectra
[18:28:54] [INFO] NGC1199-companion: 0 HST science spectra
[18:28:58] [INFO] NGC3628-XQSO: 0 HST science spectra
[18:29:01] [INFO] NGC1232-NGC1232A: 0 HST science spectra
[18:29:01] [INFO] Mrk205: 5 intervening candidates after masking (10 ISM, 7 excluded)
[18:29:01] [INFO] Wrote step_44_survey_erasure_audit.json and survey_erasure_audit.csv
[18:29:01] [INFO] Step 44 complete
[19:25:34] [INFO] Starting Step 44: Survey Erasure-Chain Audit
[19:25:34] [INFO] Loaded 12 pair records
[19:25:35] [INFO] NGC4319-Mrk205: photo=no_object_within_radius spec30"=0 spec2'=0
[19:25:35] [INFO] NGC7603-NGC7603B: photo=deblended_object spec30"=1 spec2'=11
[19:25:35] [INFO] NGC3067-3C232: photo=deblended_object spec30"=1 spec2'=4
[19:25:35] [INFO] NGC1073-QSOs: photo=n/a spec30"=n/a spec2'=5
[19:25:36] [INFO] NGC7319-QSO: photo=absorbed_into_host_deblend spec30"=0 spec2'=0
[19:25:36] [INFO] NGC1199-companion: photo=deblended_object spec30"=0 spec2'=0
[19:25:36] [WARNING] NGC3628-XQSO: coordinate resolves to [HB89] 1117+137 z=1.498283 vs catalogue z=2.15
[19:25:36] [INFO] NGC3628-XQSO: photo=deblended_object spec30"=1 spec2'=2
[19:25:37] [INFO] NGC4258-QSOs: photo=n/a spec30"=n/a spec2'=8
[19:25:37] [INFO] NGC2639-QSOs: photo=n/a spec30"=n/a spec2'=6
[19:25:37] [INFO] NGC1097-jetQSOs: photo=n/a spec30"=n/a spec2'=0
[19:25:38] [INFO] NGC1232-NGC1232A: photo=no_object_within_radius spec30"=0 spec2'=0
[19:25:38] [INFO] NGC3516-Qchain: photo=n/a spec30"=n/a spec2'=0
[19:25:44] [INFO]   stamped spectrum 8763/57309/939 z=2.413939: 1 lines >=3 sigma
[19:25:50] [INFO]   stamped spectrum 8763/57309/940 z=1.389914: 1 lines >=3 sigma
[19:26:00] [INFO]   stamped spectrum 7311/57038/939 z=2.764368: 1 lines >=3 sigma
[19:26:23] [INFO] JWST nearest IFU edge: 3.94 arcsec (jw02732-c1001_t004_miri_ch4-short)
[19:26:41] [INFO] NGC4319-Mrk205: 20 HST science spectra
[19:26:51] [INFO] NGC7603-NGC7603B: 0 HST science spectra
[19:26:56] [INFO] NGC3067-3C232: 37 HST science spectra
[19:27:12] [INFO] NGC7319-QSO: 0 HST science spectra
[19:27:16] [INFO] NGC1199-companion: 0 HST science spectra
[19:27:21] [INFO] NGC3628-XQSO: 0 HST science spectra
[19:27:24] [INFO] NGC1232-NGC1232A: 0 HST science spectra
[19:27:25] [INFO] Mrk205: 5 intervening candidates after masking (10 ISM, 7 excluded)
[19:27:28] [INFO] NED-D NGC 4319: n=2 mean=24.6 (z-dist 21.0 Mpc)
[19:27:32] [INFO] NED-D Markarian 205: n=0 mean=None (z-dist 303.2 Mpc)
[19:27:35] [INFO] NED-D NGC 7603: n=0 mean=None (z-dist 123.3 Mpc)
[19:27:39] [INFO] NED-D NGC 7603B: n=2 mean=223.0 (z-dist 242.0 Mpc)
[19:27:42] [INFO] NED-D NGC 3067: n=5 mean=20.56 (z-dist 21.0 Mpc)
[19:27:44] [INFO] NED-D 3C 232: n=0 mean=None (z-dist 2282.7 Mpc)
[19:27:49] [INFO] NED-D NGC 1073: n=10 mean=7.374 (z-dist 17.1 Mpc)
[19:27:55] [INFO] NED-D NGC 7319: n=7 mean=40.114 (z-dist 96.4 Mpc)
[19:28:00] [INFO] NED-D NGC 1199: n=19 mean=34.311 (z-dist 36.8 Mpc)
[19:28:04] [INFO] NED-D NGC 3628: n=23 mean=9.806 (z-dist 12.0 Mpc)
[19:28:13] [INFO] NED-D NGC 4258: n=95 mean=7.271 (z-dist 6.4 Mpc)
[19:28:17] [INFO] NED-D NGC 2639: n=0 mean=None (z-dist 48.0 Mpc)
[19:28:22] [INFO] NED-D NGC 1097: n=32 mean=17.16 (z-dist 18.0 Mpc)
[19:28:26] [INFO] NED-D NGC 1232: n=19 mean=15.432 (z-dist 22.7 Mpc)
[19:28:29] [INFO] NED-D NGC 1232A: n=1 mean=21.1 (z-dist 94.2 Mpc)
[19:28:33] [INFO] NED-D NGC 3516: n=4 mean=51.5 (z-dist 37.7 Mpc)
[19:28:34] [INFO] 4FGL NGC4319-Mrk205: 0 sources within 10'
[19:28:35] [INFO] 4FGL NGC7603-NGC7603B: 0 sources within 10'
[19:28:35] [INFO] 4FGL NGC3067-3C232: 0 sources within 10'
[19:28:35] [INFO] 4FGL NGC7319-QSO: 0 sources within 10'
[19:28:38] [INFO] 4FGL NGC1199-companion: 0 sources within 10'
[19:28:39] [INFO] 4FGL NGC3628-XQSO: 0 sources within 10'
[19:28:39] [INFO] 4FGL NGC1232-NGC1232A: 0 sources within 10'
[19:28:45] [INFO] ALMA NGC7319-companion: 32 entries
[19:28:47] [INFO] ALMA NGC7603-host: 4 entries
[19:28:48] [INFO] ALMA NGC7603B: 0 entries
[19:28:48] [INFO] Wrote step_44_survey_erasure_audit.json and survey_erasure_audit.csv
[19:28:48] [INFO] Step 44 complete
