[11:33:38] [PROCESS] Running Bayesian model selection (nested sampling)...
[11:33:38] [TEST] knot [LG2002] 3: HWHM = 0.64 arcsec (w = 0.0109 transect units)
[11:33:38] [TEST] knot [LG2002] 2: HWHM = 0.67 arcsec (w = 0.0113 transect units)
[11:33:38] [TEST]           const_null: logZ = -55897.56 ± 0.00 (k=0, chi2_min=111842.6)
[11:33:39] [TEST]               linear: logZ = -22933.50 ± 0.12 (k=1, chi2_min=45902.7)
[11:33:41] [TEST]          exponential: logZ = -10829.53 ± 0.13 (k=2, chi2_min=21691.2)
[11:33:42] [TEST]                 tanh: logZ = -10829.59 ± 0.14 (k=3, chi2_min=21691.2)
[11:33:44] [TEST]               yukawa: logZ = -48189.18 ± 0.17 (k=2, chi2_min=96399.6)
[11:33:47] [TEST]          single_well: logZ =  -1102.24 ± 0.21 (k=3, chi2_min=2213.5)
[11:33:50] [TEST]         nested_2well: logZ =      5.04 ± 0.20 (k=3, chi2_min=2.7)
[11:33:54] [TEST]         nested_3well: logZ =      3.54 ± 0.22 (k=4, chi2_min=0.0)
[11:33:58] [TEST]   nested_3well_flatw: logZ =      1.08 ± 0.23 (k=4, chi2_min=0.0)
[11:34:11] [TEST]    nested_3well_fwhm: logZ =      4.66 ± 0.21 (k=4, chi2_min=0.0)
[11:34:11] [TEST] Bayes factor nested_3well vs           const_null: dlogZ = +55901.10 (log10 B = +24277.5)
[11:34:11] [TEST] Bayes factor nested_3well vs               linear: dlogZ = +22937.04 (log10 B = +9961.4)
[11:34:11] [TEST] Bayes factor nested_3well vs          exponential: dlogZ = +10833.07 (log10 B = +4704.7)
[11:34:11] [TEST] Bayes factor nested_3well vs                 tanh: dlogZ = +10833.13 (log10 B = +4704.8)
[11:34:11] [TEST] Bayes factor nested_3well vs               yukawa: dlogZ = +48192.72 (log10 B = +20929.8)
[11:34:11] [TEST] Bayes factor nested_3well vs          single_well: dlogZ =  +1105.78 (log10 B = +480.2)
[11:34:11] [TEST] Bayes factor nested_3well vs         nested_2well: dlogZ =     -1.50 (log10 B = -0.7)
[11:34:11] [TEST] Bayes factor nested_3well vs         nested_3well: dlogZ =     -0.00 (log10 B = -0.0)
[11:34:11] [TEST] Bayes factor nested_3well vs   nested_3well_flatw: dlogZ =     +2.46 (log10 B = +1.1)
[11:34:11] [TEST] Bayes factor nested_3well vs    nested_3well_fwhm: dlogZ =     -1.12 (log10 B = -0.5)
[11:34:11] [SUCCESS] Saved JSON: /Users/matthewsmawfield/www/Temporal Equivalence Principle/TEP-ARP/results/outputs/step_34_bayesian_model_selection.json
[11:34:11] [SUCCESS] Saved figure: step_34_bayesian_model_selection.png
[11:34:11] [SUCCESS] Bayesian model selection complete.
[11:34:11] [SUCCESS] step_34 completed in 32.7s
